12:09:15 **** Build of configuration Debug for project ocpoc_fsbl ****
make all 
'Building file: ../src/fsbl_handoff.S'
'Invoking: ARM gcc compiler'
arm-xilinx-eabi-gcc -Wall -O0 -g3 -I"C:\Users\Aerotenna\Desktop\ocpoc_clean\ocpoc_rev1.sdk\ocpoc_top_hw_platform_0" -c -fmessage-length=0 -MT"src/fsbl_handoff.o" -I../../ocpoc_fsbl_bsp/ps7_cortexa9_0/include -MMD -MP -MF"src/fsbl_handoff.d" -MT"src/fsbl_handoff.d" -o "src/fsbl_handoff.o" "../src/fsbl_handoff.S"
'Finished building: ../src/fsbl_handoff.S'
' '
'Building file: ../src/fsbl_hooks.c'
'Invoking: ARM gcc compiler'
arm-xilinx-eabi-gcc -Wall -O0 -g3 -I"C:\Users\Aerotenna\Desktop\ocpoc_clean\ocpoc_rev1.sdk\ocpoc_top_hw_platform_0" -c -fmessage-length=0 -MT"src/fsbl_hooks.o" -I../../ocpoc_fsbl_bsp/ps7_cortexa9_0/include -MMD -MP -MF"src/fsbl_hooks.d" -MT"src/fsbl_hooks.d" -o "src/fsbl_hooks.o" "../src/fsbl_hooks.c"
'Finished building: ../src/fsbl_hooks.c'
' '
'Building file: ../src/image_mover.c'
'Invoking: ARM gcc compiler'
arm-xilinx-eabi-gcc -Wall -O0 -g3 -I"C:\Users\Aerotenna\Desktop\ocpoc_clean\ocpoc_rev1.sdk\ocpoc_top_hw_platform_0" -c -fmessage-length=0 -MT"src/image_mover.o" -I../../ocpoc_fsbl_bsp/ps7_cortexa9_0/include -MMD -MP -MF"src/image_mover.d" -MT"src/image_mover.d" -o "src/image_mover.o" "../src/image_mover.c"
'Finished building: ../src/image_mover.c'
' '
'Building file: ../src/main.c'
'Invoking: ARM gcc compiler'
arm-xilinx-eabi-gcc -Wall -O0 -g3 -I"C:\Users\Aerotenna\Desktop\ocpoc_clean\ocpoc_rev1.sdk\ocpoc_top_hw_platform_0" -c -fmessage-length=0 -MT"src/main.o" -I../../ocpoc_fsbl_bsp/ps7_cortexa9_0/include -MMD -MP -MF"src/main.d" -MT"src/main.d" -o "src/main.o" "../src/main.c"
'Finished building: ../src/main.c'
' '
'Building file: ../src/md5.c'
'Invoking: ARM gcc compiler'
arm-xilinx-eabi-gcc -Wall -O0 -g3 -I"C:\Users\Aerotenna\Desktop\ocpoc_clean\ocpoc_rev1.sdk\ocpoc_top_hw_platform_0" -c -fmessage-length=0 -MT"src/md5.o" -I../../ocpoc_fsbl_bsp/ps7_cortexa9_0/include -MMD -MP -MF"src/md5.d" -MT"src/md5.d" -o "src/md5.o" "../src/md5.c"
'Finished building: ../src/md5.c'
' '
'Building file: ../src/nand.c'
'Invoking: ARM gcc compiler'
arm-xilinx-eabi-gcc -Wall -O0 -g3 -I"C:\Users\Aerotenna\Desktop\ocpoc_clean\ocpoc_rev1.sdk\ocpoc_top_hw_platform_0" -c -fmessage-length=0 -MT"src/nand.o" -I../../ocpoc_fsbl_bsp/ps7_cortexa9_0/include -MMD -MP -MF"src/nand.d" -MT"src/nand.d" -o "src/nand.o" "../src/nand.c"
'Finished building: ../src/nand.c'
' '
'Building file: ../src/nor.c'
'Invoking: ARM gcc compiler'
arm-xilinx-eabi-gcc -Wall -O0 -g3 -I"C:\Users\Aerotenna\Desktop\ocpoc_clean\ocpoc_rev1.sdk\ocpoc_top_hw_platform_0" -c -fmessage-length=0 -MT"src/nor.o" -I../../ocpoc_fsbl_bsp/ps7_cortexa9_0/include -MMD -MP -MF"src/nor.d" -MT"src/nor.d" -o "src/nor.o" "../src/nor.c"
'Finished building: ../src/nor.c'
' '
'Building file: ../src/pcap.c'
'Invoking: ARM gcc compiler'
arm-xilinx-eabi-gcc -Wall -O0 -g3 -I"C:\Users\Aerotenna\Desktop\ocpoc_clean\ocpoc_rev1.sdk\ocpoc_top_hw_platform_0" -c -fmessage-length=0 -MT"src/pcap.o" -I../../ocpoc_fsbl_bsp/ps7_cortexa9_0/include -MMD -MP -MF"src/pcap.d" -MT"src/pcap.d" -o "src/pcap.o" "../src/pcap.c"
'Finished building: ../src/pcap.c'
' '
'Building file: C:/Users/Aerotenna/Desktop/ocpoc_clean/ocpoc_rev1.sdk/ocpoc_top_hw_platform_0/ps7_init.c'
'Invoking: ARM gcc compiler'
arm-xilinx-eabi-gcc -Wall -O0 -g3 -I"C:\Users\Aerotenna\Desktop\ocpoc_clean\ocpoc_rev1.sdk\ocpoc_top_hw_platform_0" -c -fmessage-length=0 -MT"src/ps7_init.o" -I../../ocpoc_fsbl_bsp/ps7_cortexa9_0/include -MMD -MP -MF"src/ps7_init.d" -MT"src/ps7_init.d" -o "src/ps7_init.o" "C:/Users/Aerotenna/Desktop/ocpoc_clean/ocpoc_rev1.sdk/ocpoc_top_hw_platform_0/ps7_init.c"
'Finished building: C:/Users/Aerotenna/Desktop/ocpoc_clean/ocpoc_rev1.sdk/ocpoc_top_hw_platform_0/ps7_init.c'
' '
'Building file: ../src/qspi.c'
'Invoking: ARM gcc compiler'
arm-xilinx-eabi-gcc -Wall -O0 -g3 -I"C:\Users\Aerotenna\Desktop\ocpoc_clean\ocpoc_rev1.sdk\ocpoc_top_hw_platform_0" -c -fmessage-length=0 -MT"src/qspi.o" -I../../ocpoc_fsbl_bsp/ps7_cortexa9_0/include -MMD -MP -MF"src/qspi.d" -MT"src/qspi.d" -o "src/qspi.o" "../src/qspi.c"
'Finished building: ../src/qspi.c'
' '
'Building file: ../src/rsa.c'
'Invoking: ARM gcc compiler'
arm-xilinx-eabi-gcc -Wall -O0 -g3 -I"C:\Users\Aerotenna\Desktop\ocpoc_clean\ocpoc_rev1.sdk\ocpoc_top_hw_platform_0" -c -fmessage-length=0 -MT"src/rsa.o" -I../../ocpoc_fsbl_bsp/ps7_cortexa9_0/include -MMD -MP -MF"src/rsa.d" -MT"src/rsa.d" -o "src/rsa.o" "../src/rsa.c"
'Finished building: ../src/rsa.c'
' '
'Building file: ../src/sd.c'
'Invoking: ARM gcc compiler'
arm-xilinx-eabi-gcc -Wall -O0 -g3 -I"C:\Users\Aerotenna\Desktop\ocpoc_clean\ocpoc_rev1.sdk\ocpoc_top_hw_platform_0" -c -fmessage-length=0 -MT"src/sd.o" -I../../ocpoc_fsbl_bsp/ps7_cortexa9_0/include -MMD -MP -MF"src/sd.d" -MT"src/sd.d" -o "src/sd.o" "../src/sd.c"
'Finished building: ../src/sd.c'
' '
'Building target: ocpoc_fsbl.elf'
'Invoking: ARM gcc linker'
arm-xilinx-eabi-gcc -L"C:\Users\Aerotenna\Desktop\ocpoc_clean\ocpoc_rev1.sdk\ocpoc_fsbl\src" -Wl,-T -Wl,../src/lscript.ld -L../../ocpoc_fsbl_bsp/ps7_cortexa9_0/lib -o "ocpoc_fsbl.elf"  ./src/fsbl_handoff.o ./src/fsbl_hooks.o ./src/image_mover.o ./src/main.o ./src/md5.o ./src/nand.o ./src/nor.o ./src/pcap.o ./src/ps7_init.o ./src/qspi.o ./src/rsa.o ./src/sd.o   -lrsa -Wl,--start-group,-lxil,-lgcc,-lc,--end-group -Wl,--start-group,-lxilffs,-lxil,-lgcc,-lc,--end-group -Wl,--start-group,-lrsa,-lxil,-lgcc,-lc,--end-group
'Finished building target: ocpoc_fsbl.elf'
' '
'Invoking: ARM Print Size'
arm-xilinx-eabi-size ocpoc_fsbl.elf  |tee "ocpoc_fsbl.elf.size"
   text	   data	    bss	    dec	    hex	filename
  79304	  12444	  74324	 166072	  288b8	ocpoc_fsbl.elf
'Finished building: ocpoc_fsbl.elf.size'
' '

12:09:18 Build Finished (took 3s.622ms)

